// Jest Snapshot v1, https://goo.gl/fbAQLP

exports[`<Accordion /> Opens and closes the <Accordion /> component when clicked 1`] = `
<div
  class="accordion__Container-l3iym9-0 bAxAgi"
>
  <div
    class="accordion__Inner-l3iym9-1 kXGanl"
  >
    <h1
      class="accordion__Title-l3iym9-5 jFkLSD"
    >
      Frequently Asked Questions
    </h1>
    <div
      class="accordion__Item-l3iym9-2 gwMLOH"
    >
      <div
        class="accordion__Header-l3iym9-4 cIYXTq"
      >
        What is Netflix?
        <img
          alt="open"
          src="images/icons/add.png"
        />
      </div>
    </div>
    <div
      class="accordion__Item-l3iym9-2 gwMLOH"
    >
      <div
        class="accordion__Header-l3iym9-4 cIYXTq"
      >
        How much does Netflix cost?
        <img
          alt="open"
          src="images/icons/add.png"
        />
      </div>
    </div>
    <div
      class="accordion__Item-l3iym9-2 gwMLOH"
    >
      <div
        class="accordion__Header-l3iym9-4 cIYXTq"
      >
        Where can I watch?
        <img
          alt="open"
          src="images/icons/add.png"
        />
      </div>
    </div>
    <div
      class="accordion__Item-l3iym9-2 gwMLOH"
    >
      <div
        class="accordion__Header-l3iym9-4 cIYXTq"
      >
        How do I cancel?
        <img
          alt="open"
          src="images/icons/add.png"
        />
      </div>
    </div>
    <div
      class="accordion__Item-l3iym9-2 gwMLOH"
    >
      <div
        class="accordion__Header-l3iym9-4 cIYXTq"
      >
        What can I watch on Netflix?
        <img
          alt="open"
          src="images/icons/add.png"
        />
      </div>
    </div>
  </div>
</div>
`;

exports[`<Accordion /> Renders <Accordion /> with populated data 1`] = `
<div
  class="accordion__Container-l3iym9-0 bAxAgi"
>
  <div
    class="accordion__Inner-l3iym9-1 kXGanl"
  >
    <h1
      class="accordion__Title-l3iym9-5 jFkLSD"
    >
      Frequently Asked Questions
    </h1>
    <div
      class="accordion__Item-l3iym9-2 gwMLOH"
    >
      <div
        class="accordion__Header-l3iym9-4 cIYXTq"
      >
        What is Netflix?
        <img
          alt="open"
          src="images/icons/add.png"
        />
      </div>
    </div>
    <div
      class="accordion__Item-l3iym9-2 gwMLOH"
    >
      <div
        class="accordion__Header-l3iym9-4 cIYXTq"
      >
        How much does Netflix cost?
        <img
          alt="open"
          src="images/icons/add.png"
        />
      </div>
    </div>
    <div
      class="accordion__Item-l3iym9-2 gwMLOH"
    >
      <div
        class="accordion__Header-l3iym9-4 cIYXTq"
      >
        Where can I watch?
        <img
          alt="open"
          src="images/icons/add.png"
        />
      </div>
    </div>
    <div
      class="accordion__Item-l3iym9-2 gwMLOH"
    >
      <div
        class="accordion__Header-l3iym9-4 cIYXTq"
      >
        How do I cancel?
        <img
          alt="open"
          src="images/icons/add.png"
        />
      </div>
    </div>
    <div
      class="accordion__Item-l3iym9-2 gwMLOH"
    >
      <div
        class="accordion__Header-l3iym9-4 cIYXTq"
      >
        What can I watch on Netflix?
        <img
          alt="open"
          src="images/icons/add.png"
        />
      </div>
    </div>
  </div>
</div>
`;
