// Jest Snapshot v1, https://goo.gl/fbAQLP

exports[`<Player /> Renders the <Player /> with an example video 1`] = `
<div
  class="player__Container-sc-1c49yiu-0"
>
  <button
    class="player__Button-sc-1c49yiu-3 kLqBmP"
  >
    Play
  </button>
</div>
`;
